// Vitest Snapshot v1, https://vitest.dev/guide/snapshot.html

exports[`package > should package correctly 1`] = `
"{
  "$schema": "http://json-schema.org/draft-07/schema#",
  "definitions": {
    "Contact": {
      "type": "object",
      "properties": {
        "id": {
          "type": "string"
        }
      },
      "required": [
        "id"
      ],
      "additionalProperties": false
    },
    "Issue": {
      "type": "object",
      "properties": {
        "id": {
          "type": "string"
        }
      },
      "required": [
        "id"
      ],
      "additionalProperties": false
    }
  },
  "$comment": "This file was generated by Nango (vTest)"
}"
`;

exports[`package > should package correctly 2`] = `
[
  {
    "attributes": {},
    "auto_start": true,
    "endpoints": [
      {
        "method": "GET",
        "path": "/hubspot/contacts",
      },
    ],
    "fileBody": {
      "js": ""use strict";
var __defProp = Object.defineProperty;
var __getOwnPropDesc = Object.getOwnPropertyDescriptor;
var __getOwnPropNames = Object.getOwnPropertyNames;
var __hasOwnProp = Object.prototype.hasOwnProperty;
var __export = (target, all) => {
  for (var name in all)
    __defProp(target, name, { get: all[name], enumerable: true });
};
var __copyProps = (to, from, except, desc) => {
  if (from && typeof from === "object" || typeof from === "function") {
    for (let key of __getOwnPropNames(from))
      if (!__hasOwnProp.call(to, key) && key !== except)
        __defProp(to, key, { get: () => from[key], enumerable: !(desc = __getOwnPropDesc(from, key)) || desc.enumerable });
  }
  return to;
};
var __toCommonJS = (mod) => __copyProps(__defProp({}, "__esModule", { value: true }), mod);


var contacts_exports = {};
__export(contacts_exports, {
  default: () => fetchData
});
module.exports = __toCommonJS(contacts_exports);
async function fetchData(nango) {
  await nango.log("Fetching contacts...");
}
",
      "ts": "import type { NangoSync } from '../../models';

export default async function fetchData(nango: NangoSync): Promise<void> {
    await nango.log('Fetching contacts...');
}
",
    },
    "input": undefined,
    "metadata": {
      "scopes": [],
    },
    "model_schema": [
      {
        "fields": [
          {
            "array": false,
            "name": "id",
            "optional": false,
            "tsType": true,
            "value": "string",
          },
        ],
        "name": "Contact",
      },
    ],
    "models": [
      "Contact",
    ],
    "providerConfigKey": "hubspot",
    "runs": "every day",
    "syncName": "contacts",
    "sync_type": "incremental",
    "track_deletes": false,
    "type": "sync",
    "version": "",
    "webhookSubscriptions": [],
  },
  {
    "endpoints": [
      {
        "method": "POST",
        "path": "/hubspot/contact",
      },
    ],
    "fileBody": {
      "js": ""use strict";
var __defProp = Object.defineProperty;
var __getOwnPropDesc = Object.getOwnPropertyDescriptor;
var __getOwnPropNames = Object.getOwnPropertyNames;
var __hasOwnProp = Object.prototype.hasOwnProperty;
var __export = (target, all) => {
  for (var name in all)
    __defProp(target, name, { get: all[name], enumerable: true });
};
var __copyProps = (to, from, except, desc) => {
  if (from && typeof from === "object" || typeof from === "function") {
    for (let key of __getOwnPropNames(from))
      if (!__hasOwnProp.call(to, key) && key !== except)
        __defProp(to, key, { get: () => from[key], enumerable: !(desc = __getOwnPropDesc(from, key)) || desc.enumerable });
  }
  return to;
};
var __toCommonJS = (mod) => __copyProps(__defProp({}, "__esModule", { value: true }), mod);


var create_contact_exports = {};
__export(create_contact_exports, {
  default: () => runAction
});
module.exports = __toCommonJS(create_contact_exports);
async function runAction(nango) {
  await nango.log("Creating contact...");
}
",
      "ts": "import type { NangoAction } from '../../models';

export default async function runAction(nango: NangoAction): Promise<void> {
    await nango.log('Creating contact...');
}
",
    },
    "input": undefined,
    "metadata": {
      "scopes": [],
    },
    "model_schema": [],
    "models": [],
    "providerConfigKey": "hubspot",
    "runs": null,
    "syncName": "create-contact",
    "track_deletes": false,
    "type": "action",
    "version": "",
  },
  {
    "attributes": {},
    "auto_start": true,
    "endpoints": [
      {
        "method": "GET",
        "path": "/github/issues",
      },
    ],
    "fileBody": {
      "js": ""use strict";
var __defProp = Object.defineProperty;
var __getOwnPropDesc = Object.getOwnPropertyDescriptor;
var __getOwnPropNames = Object.getOwnPropertyNames;
var __hasOwnProp = Object.prototype.hasOwnProperty;
var __export = (target, all) => {
  for (var name in all)
    __defProp(target, name, { get: all[name], enumerable: true });
};
var __copyProps = (to, from, except, desc) => {
  if (from && typeof from === "object" || typeof from === "function") {
    for (let key of __getOwnPropNames(from))
      if (!__hasOwnProp.call(to, key) && key !== except)
        __defProp(to, key, { get: () => from[key], enumerable: !(desc = __getOwnPropDesc(from, key)) || desc.enumerable });
  }
  return to;
};
var __toCommonJS = (mod) => __copyProps(__defProp({}, "__esModule", { value: true }), mod);


var issues_exports = {};
__export(issues_exports, {
  default: () => fetchData
});
module.exports = __toCommonJS(issues_exports);
async function fetchData(nango) {
  await nango.log("Fetching issues...");
}
",
      "ts": "import type { NangoSync } from '../../models';

export default async function fetchData(nango: NangoSync): Promise<void> {
    await nango.log('Fetching issues...');
}
",
    },
    "input": undefined,
    "metadata": {
      "scopes": [],
    },
    "model_schema": [
      {
        "fields": [
          {
            "array": false,
            "name": "id",
            "optional": false,
            "tsType": true,
            "value": "string",
          },
        ],
        "name": "Issue",
      },
    ],
    "models": [
      "Issue",
    ],
    "providerConfigKey": "github",
    "runs": "every day",
    "syncName": "issues",
    "sync_type": "incremental",
    "track_deletes": false,
    "type": "sync",
    "version": "",
    "webhookSubscriptions": [],
  },
  {
    "endpoints": [
      {
        "method": "POST",
        "path": "/github/issue",
      },
    ],
    "fileBody": {
      "js": ""use strict";
var __defProp = Object.defineProperty;
var __getOwnPropDesc = Object.getOwnPropertyDescriptor;
var __getOwnPropNames = Object.getOwnPropertyNames;
var __hasOwnProp = Object.prototype.hasOwnProperty;
var __export = (target, all) => {
  for (var name in all)
    __defProp(target, name, { get: all[name], enumerable: true });
};
var __copyProps = (to, from, except, desc) => {
  if (from && typeof from === "object" || typeof from === "function") {
    for (let key of __getOwnPropNames(from))
      if (!__hasOwnProp.call(to, key) && key !== except)
        __defProp(to, key, { get: () => from[key], enumerable: !(desc = __getOwnPropDesc(from, key)) || desc.enumerable });
  }
  return to;
};
var __toCommonJS = (mod) => __copyProps(__defProp({}, "__esModule", { value: true }), mod);


var create_issue_exports = {};
__export(create_issue_exports, {
  default: () => runAction
});
module.exports = __toCommonJS(create_issue_exports);
async function runAction(nango) {
  await nango.log("Creating issue...");
}
",
      "ts": "import type { NangoAction } from '../../models';

export default async function runAction(nango: NangoAction): Promise<void> {
    await nango.log('Creating issue...');
}
",
    },
    "input": undefined,
    "metadata": {
      "scopes": [],
    },
    "model_schema": [],
    "models": [],
    "providerConfigKey": "github",
    "runs": null,
    "syncName": "create-issue",
    "track_deletes": false,
    "type": "action",
    "version": "",
  },
]
`;
