// Vitest Snapshot v1, https://vitest.dev/guide/snapshot.html

exports[`init > should init the expected files in the nango-integrations directory 1`] = `
"// ---------------------------
// This file was generated by Nango (vTest)
// You can version this file
// ---------------------------

export interface GithubIssue {
  id: number;
  owner: string;
  repo: string;
  issue_number: number;
  title: string;
  author: string;
  author_id: string;
  state: string;
  date_created: Date;
  date_last_modified: Date;
};
"
`;

exports[`init > should init the expected files in the nango-integrations directory 2`] = `
"{
  "$schema": "http://json-schema.org/draft-07/schema#",
  "definitions": {
    "GithubIssue": {
      "type": "object",
      "properties": {
        "id": {
          "type": "number"
        },
        "owner": {
          "type": "string"
        },
        "repo": {
          "type": "string"
        },
        "issue_number": {
          "type": "number"
        },
        "title": {
          "type": "string"
        },
        "author": {
          "type": "string"
        },
        "author_id": {
          "type": "string"
        },
        "state": {
          "type": "string"
        },
        "date_created": {
          "type": "string",
          "format": "date-time"
        },
        "date_last_modified": {
          "type": "string",
          "format": "date-time"
        }
      },
      "required": [
        "id",
        "owner",
        "repo",
        "issue_number",
        "title",
        "author",
        "author_id",
        "state",
        "date_created",
        "date_last_modified"
      ],
      "additionalProperties": false
    }
  },
  "$comment": "This file was generated by Nango (vTest)"
}"
`;
