// Vitest Snapshot v1, https://vitest.dev/guide/snapshot.html

exports[`buildModelTs > should output all interfaces 1`] = `
"// ---------------------------
// This file was generated by Nango (vTest)
// It's recommended to version this file
// https://nango.dev
// ---------------------------

// ------ Models
export interface Foo {
  [key: string]: string;
  id: number;
};

export interface Bar {
  value: null;
  top: boolean[];
  ref?: Foo;
  union: 'literal1' | 'literal2';
  array: ('arr1' | 'arr2')[];
  obj: {  nes: 'ted';};
};

/** @deprecated It is recommended to use a Model */
export type Anonymous_unauthenticated_action_returnType_input = number
// ------ /Models
"
`;

exports[`buildModelTs > should return empty (with sdk) 1`] = `
"// ---------------------------
// This file was generated by Nango (vTest)
// It's recommended to version this file
// https://nango.dev
// ---------------------------

// ------ Models

// ------ /Models

// ------ SDK

import type { Nango } from '@nangohq/node';
import type { AxiosInstance, AxiosInterceptorManager, AxiosRequestConfig, AxiosResponse, AxiosError } from 'axios';
import type { ApiEndUser, DBSyncConfig, DBTeam, GetPublicIntegration, RunnerFlags } from '@nangohq/types';

export declare const oldLevelToNewLevel: {
    readonly debug: 'debug';
    readonly info: 'info';
    readonly warn: 'warn';
    readonly error: 'error';
    readonly verbose: 'debug';
    readonly silly: 'debug';
    readonly http: 'info';
};
type LogLevel = 'info' | 'debug' | 'error' | 'warn' | 'http' | 'verbose' | 'silly';
interface Pagination {
    type: string;
    limit?: number;
    response_path?: string;
    limit_name_in_request: string;
    in_body?: boolean;
}
interface CursorPagination extends Pagination {
    cursor_path_in_response: string;
    cursor_name_in_request: string;
}
interface LinkPagination extends Pagination {
    link_rel_in_response_header?: string;
    link_path_in_response_body?: string;
}
interface OffsetPagination extends Pagination {
    offset_name_in_request: string;
    offset_start_value?: number;
    offset_calculation_method?: 'per-page' | 'by-response-size';
}
interface RetryHeaderConfig {
    at?: string;
    after?: string;
}
export interface ProxyConfiguration {
    endpoint: string;
    providerConfigKey?: string;
    connectionId?: string;
    method?: 'GET' | 'POST' | 'PATCH' | 'PUT' | 'DELETE' | 'get' | 'post' | 'patch' | 'put' | 'delete';
    headers?: Record<string, string>;
    params?: string | Record<string, string | number>;
    data?: unknown;
    retries?: number;
    baseUrlOverride?: string;
    paginate?: Partial<CursorPagination> | Partial<LinkPagination> | Partial<OffsetPagination>;
    retryHeader?: RetryHeaderConfig;
    responseType?: 'arraybuffer' | 'blob' | 'document' | 'json' | 'text' | 'stream';
    retryOn?: number[] | null;
}
export interface AuthModes {
    OAuth1: 'OAUTH1';
    OAuth2: 'OAUTH2';
    OAuth2CC: 'OAUTH2_CC';
    Basic: 'BASIC';
    ApiKey: 'API_KEY';
    AppStore: 'APP_STORE';
    Custom: 'CUSTOM';
    App: 'APP';
    None: 'NONE';
    TBA: 'TBA';
    Tableau: 'TABLEAU';
    Jwt: 'JWT';
    Bill: 'BILL';
    TwoStep: 'TWO_STEP';
    Signature: 'SIGNATURE';
}
export type AuthModeType = AuthModes[keyof AuthModes];
interface OAuth1Token {
    oAuthToken: string;
    oAuthTokenSecret: string;
}
interface AppCredentials {
    type: AuthModes['App'];
    access_token: string;
    expires_at?: Date | undefined;
    raw: Record<string, any>;
}
interface AppStoreCredentials {
    type?: AuthModes['AppStore'];
    access_token: string;
    expires_at?: Date | undefined;
    raw: Record<string, any>;
    private_key: string;
}
interface BasicApiCredentials {
    type: AuthModes['Basic'];
    username: string;
    password: string;
}
interface ApiKeyCredentials {
    type: AuthModes['ApiKey'];
    apiKey: string;
}
interface CredentialsCommon<T = Record<string, any>> {
    type: AuthModeType;
    raw: T;
}
interface OAuth2Credentials extends CredentialsCommon {
    type: AuthModes['OAuth2'];
    access_token: string;
    refresh_token?: string;
    expires_at?: Date | undefined;
}
interface OAuth2ClientCredentials extends CredentialsCommon {
    type: AuthModes['OAuth2CC'];
    token: string;
    expires_at?: Date | undefined;
    client_id: string;
    client_secret: string;
}
interface OAuth1Credentials extends CredentialsCommon {
    type: AuthModes['OAuth1'];
    oauth_token: string;
    oauth_token_secret: string;
}
interface TbaCredentials {
    type: AuthModes['TBA'];
    token_id: string;
    token_secret: string;
    config_override: {
        client_id?: string;
        client_secret?: string;
    };
}
interface TableauCredentials extends CredentialsCommon {
    type: AuthModes['Tableau'];
    pat_name: string;
    pat_secret: string;
    content_url?: string;
    token?: string;
    expires_at?: Date | undefined;
}
interface JwtCredentials {
    type: AuthModes['Jwt'];
    privateKeyId?: string;
    issuerId?: string;
    privateKey: {
        id: string;
        secret: string;
    } | string;
    token?: string;
    expires_at?: Date | undefined;
}
interface BillCredentials extends CredentialsCommon {
    type: AuthModes['Bill'];
    username: string;
    password: string;
    organization_id: string;
    dev_key: string;
    session_id?: string;
    user_id?: string;
    expires_at?: Date | undefined;
}
interface TwoStepCredentials extends CredentialsCommon {
    type: AuthModes['TwoStep'];
    [key: string]: any;
    token?: string;
    expires_at?: Date | undefined;
}
interface SignatureCredentials {
    type: AuthModes['Signature'];
    username: string;
    password: string;
    token?: string;
    expires_at?: Date | undefined;
}
interface CustomCredentials extends CredentialsCommon {
    type: AuthModes['Custom'];
}
type UnauthCredentials = Record<string, never>;
type AuthCredentials = OAuth2Credentials | OAuth2ClientCredentials | OAuth1Credentials | BasicApiCredentials | ApiKeyCredentials | AppCredentials | AppStoreCredentials | UnauthCredentials | TbaCredentials | TableauCredentials | JwtCredentials | BillCredentials | TwoStepCredentials | SignatureCredentials | CustomCredentials;
type Metadata = Record<string, unknown>;
interface MetadataChangeResponse {
    metadata: Metadata;
    provider_config_key: string;
    connection_id: string | string[];
}
interface Connection {
    id: number;
    provider_config_key: string;
    connection_id: string;
    connection_config: Record<string, string>;
    created_at: string;
    updated_at: string;
    last_fetched_at: string;
    metadata: Record<string, unknown> | null;
    provider: string;
    errors: {
        type: string;
        log_id: string;
    }[];
    end_user: ApiEndUser | null;
    credentials: AuthCredentials;
}
export declare class ActionError<T = Record<string, unknown>> extends Error {
    type: string;
    payload?: Record<string, unknown>;
    constructor(payload?: T);
}
interface RunArgs {
    sync: string;
    connectionId: string;
    lastSyncDate?: string;
    useServerLastSyncDate?: boolean;
    input?: object;
    metadata?: Metadata;
    autoConfirm: boolean;
    debug: boolean;
    optionalEnvironment?: string;
    optionalProviderConfigKey?: string;
}
export interface NangoProps {
    scriptType: 'sync' | 'action' | 'webhook' | 'on-event';
    host?: string;
    secretKey: string;
    team?: Pick<DBTeam, 'id' | 'name'>;
    connectionId: string;
    environmentId: number;
    environmentName?: string;
    activityLogId?: string | undefined;
    providerConfigKey: string;
    provider: string;
    lastSyncDate?: Date;
    syncId?: string | undefined;
    nangoConnectionId?: number;
    syncJobId?: number | undefined;
    dryRun?: boolean;
    track_deletes?: boolean;
    attributes?: object | undefined;
    logMessages?:
    | {
        counts: {
            updated: number;
            added: number;
            deleted: number;
        };
        messages: unknown[];
    }
    | undefined;
    rawSaveOutput?: Map<string, unknown[]> | undefined;
    rawDeleteOutput?: Map<string, unknown[]> | undefined;
    stubbedMetadata?: Metadata | undefined;
    abortSignal?: AbortSignal;
    syncConfig: DBSyncConfig;
    runnerFlags: RunnerFlags;
    debug: boolean;
    startedAt: Date;
    endUser: {
        id: number;
        endUserId: string | null;
        orgId: string | null;
    } | null;
    axios?: {
        request?: AxiosInterceptorManager<AxiosRequestConfig>;
        response?: {
            onFulfilled: (value: AxiosResponse) => AxiosResponse | Promise<AxiosResponse>;
            onRejected: (value: unknown) => AxiosError | Promise<AxiosError>;
        };
    };
}
export interface EnvironmentVariable {
    name: string;
    value: string;
}
export declare const defaultPersistApi: AxiosInstance;
export declare class NangoAction {
    protected nango: Nango;
    private attributes;
    protected persistApi: AxiosInstance;
    activityLogId?: string | undefined;
    syncId?: string;
    nangoConnectionId?: number;
    environmentId: number;
    environmentName?: string;
    syncJobId?: number;
    dryRun?: boolean;
    abortSignal?: AbortSignal;
    syncConfig?: DBSyncConfig;
    runnerFlags: RunnerFlags;
    connectionId: string;
    providerConfigKey: string;
    provider?: string;
    ActionError: typeof ActionError;
    private memoizedConnections;
    private memoizedIntegration;
    constructor(
        config: NangoProps,
        {
            persistApi
        }?: {
            persistApi: AxiosInstance;
        }
    );
    protected stringify(): string;
    private proxyConfig;
    protected throwIfAborted(): void;
    proxy<T = any>(config: ProxyConfiguration): Promise<AxiosResponse<T>>;
    get<T = any>(config: Omit<ProxyConfiguration, 'method'>): Promise<AxiosResponse<T>>;
    post<T = any>(config: Omit<ProxyConfiguration, 'method'>): Promise<AxiosResponse<T>>;
    put<T = any>(config: Omit<ProxyConfiguration, 'method'>): Promise<AxiosResponse<T>>;
    patch<T = any>(config: Omit<ProxyConfiguration, 'method'>): Promise<AxiosResponse<T>>;
    delete<T = any>(config: Omit<ProxyConfiguration, 'method'>): Promise<AxiosResponse<T>>;
    getToken(): Promise<string | OAuth1Token | OAuth2ClientCredentials | BasicApiCredentials | ApiKeyCredentials | AppCredentials | AppStoreCredentials | UnauthCredentials | CustomCredentials | TbaCredentials | TableauCredentials | JwtCredentials | BillCredentials | TwoStepCredentials | SignatureCredentials>;
    /**
     * Get current integration
     */
    getIntegration(queries?: GetPublicIntegration['Querystring']): Promise<GetPublicIntegration['Success']['data']>;
    getConnection(providerConfigKeyOverride?: string, connectionIdOverride?: string): Promise<Connection>;
    setMetadata(metadata: Metadata): Promise<AxiosResponse<MetadataChangeResponse>>;
    updateMetadata(metadata: Metadata): Promise<AxiosResponse<MetadataChangeResponse>>;
    /**
     * @deprecated please use setMetadata instead.
     */
    setFieldMapping(fieldMapping: Record<string, string>): Promise<AxiosResponse<object>>;
    getMetadata<T = Metadata>(): Promise<T>;
    getWebhookURL(): Promise<string | null | undefined>;
    /**
     * @deprecated please use getMetadata instead.
     */
    getFieldMapping(): Promise<Metadata>;
    /**
     * Log
     * @desc Log a message to the activity log which shows up in the Nango Dashboard
     * note that the last argument can be an object with a level property to specify the log level
     * @example
     * \`\`\`ts
     * await nango.log('This is a log message', { level: 'error' })
     * \`\`\`
     */
    log(
        message: any,
        options?:
            | {
                level?: LogLevel;
            }
            | {
                [key: string]: any;
                level?: never;
            }
    ): Promise<void>;
    log(
        message: string,
        ...args: [
            any,
            {
                level?: LogLevel;
            }
        ]
    ): Promise<void>;
    getEnvironmentVariables(): Promise<EnvironmentVariable[] | null>;
    getFlowAttributes<A = object>(): A | null;
    paginate<T = any>(config: ProxyConfiguration): AsyncGenerator<T[], undefined, void>;
    triggerAction<In = unknown, Out = object>(providerConfigKey: string, connectionId: string, actionName: string, input?: In): Promise<Out>;
    triggerSync(providerConfigKey: string, connectionId: string, syncName: string, fullResync?: boolean): Promise<void | string>;
    private sendLogToPersist;
    private logAPICall;
}
export declare class NangoSync extends NangoAction {
    lastSyncDate?: Date;
    track_deletes: boolean;
    logMessages?:
        | {
            counts: {
                updated: number;
                added: number;
                deleted: number;
            };
            messages: unknown[];
        }
        | undefined;
    rawSaveOutput?: Map<string, unknown[]>;
    rawDeleteOutput?: Map<string, unknown[]>;
    stubbedMetadata?: Metadata | undefined;
    private batchSize;
    constructor(config: NangoProps);
    /**
     * @deprecated please use batchSave
     */
    batchSend<T extends object>(results: T[], model: string): Promise<boolean | null>;
    batchSave<T extends object>(results: T[], model: string): Promise<boolean | null>;
    batchDelete<T extends object>(results: T[], model: string): Promise<boolean | null>;
    batchUpdate<T extends object>(results: T[], model: string): Promise<boolean | null>;
    getMetadata<T = Metadata>(): Promise<T>;
    setMergingStrategy(merging: { strategy: 'ignore_if_modified_after' | 'override' }, model: string): Promise<void>;
    getRecordsByIds<K = string | number, T = any>(ids: K[], model: string): Promise<Map<K, T>>;
}
/**
 * @internal
 *
 * This function will enable tracing on the SDK
 * It has been split from the actual code to avoid making the code too dirty and to easily enable/disable tracing if there is an issue with it
 */
export declare function instrumentSDK(rawNango: NangoAction | NangoSync): NangoAction | NangoSync;
export { };



// ------ /SDK

// ------ Flows
export const NangoFlows = [] as const;
// ------ /Flows
"
`;

exports[`buildModelTs > should support all advanced syntax 1`] = `
"// ---------------------------
// This file was generated by Nango (vTest)
// It's recommended to version this file
// https://nango.dev
// ---------------------------

// ------ Models
export interface Ref {
  id: string;
};

export interface Ref2 {
  name: string;
};

export interface Base {
  unions: string | null | Ref | true[] | Ref2[];
  arrUnion: (Ref | true)[];
  literal: 'hello';
  num: 1;
  literalNull: null[];
  obj: {  nested: string;};
  optional?: string;
  arrayLiteral: any[];
  objectLiteral: Record<string, any>;
  any: any;
  float: number;
  bigint: bigint;
  int: number;
  date: Date;
  char: string;
  undefined: undefined;
  true: true;
  false: false;
  id: string;
  name: string;
};

export interface Record {
  [key: string]: any;
};

export interface RecordUnion {
  [key: string]: any | string | boolean;
};

export interface RecordArrayUnion {
  [key: string]: (any | string)[];
};

export interface RecordObject {
  [key: string]: {  str: string;};
};

/** @deprecated It is recommended to use a Model */
export type Anonymous_unauthenticated_action_inputoutputunion_output = string | null[]

/** @deprecated It is recommended to use a Model */
export type Anonymous_unauthenticated_action_inputoutputunion_input = true | 'hello' | Ref
// ------ /Models
"
`;

exports[`generate exports > json > should export to JSON 1`] = `
"{
  "$schema": "http://json-schema.org/draft-07/schema#",
  "definitions": {
    "Test": {
      "type": "object",
      "properties": {
        "id": {
          "type": "string"
        },
        "name": {
          "type": "array",
          "items": {
            "type": "number"
          }
        }
      },
      "required": [
        "id",
        "name"
      ],
      "additionalProperties": false
    }
  },
  "$comment": "This file was generated by Nango (vTest)"
}"
`;
